mode: set
github.com/Nakedjustice/remnaWake/internal/payments/callbacks.go:14.82,15.15 1 1
github.com/Nakedjustice/remnaWake/internal/payments/callbacks.go:15.15,17.3 1 0
github.com/Nakedjustice/remnaWake/internal/payments/callbacks.go:18.2,18.9 1 1
github.com/Nakedjustice/remnaWake/internal/payments/callbacks.go:19.42,20.30 1 1
github.com/Nakedjustice/remnaWake/internal/payments/callbacks.go:21.43,22.31 1 1
github.com/Nakedjustice/remnaWake/internal/payments/callbacks.go:23.43,24.31 1 1
github.com/Nakedjustice/remnaWake/internal/payments/callbacks.go:25.41,26.34 1 1
github.com/Nakedjustice/remnaWake/internal/payments/callbacks.go:27.44,28.35 1 1
github.com/Nakedjustice/remnaWake/internal/payments/callbacks.go:29.28,30.37 1 1
github.com/Nakedjustice/remnaWake/internal/payments/callbacks.go:31.31,32.36 1 1
github.com/Nakedjustice/remnaWake/internal/payments/callbacks.go:33.33,34.38 1 1
github.com/Nakedjustice/remnaWake/internal/payments/callbacks.go:35.32,36.37 1 0
github.com/Nakedjustice/remnaWake/internal/payments/callbacks.go:37.31,38.39 1 0
github.com/Nakedjustice/remnaWake/internal/payments/callbacks.go:39.45,40.40 1 0
github.com/Nakedjustice/remnaWake/internal/payments/callbacks.go:41.46,42.39 1 0
github.com/Nakedjustice/remnaWake/internal/payments/callbacks.go:43.31,44.39 1 0
github.com/Nakedjustice/remnaWake/internal/payments/callbacks.go:45.34,46.39 1 1
github.com/Nakedjustice/remnaWake/internal/payments/callbacks.go:47.32,48.42 1 1
github.com/Nakedjustice/remnaWake/internal/payments/callbacks.go:49.31,50.41 1 1
github.com/Nakedjustice/remnaWake/internal/payments/callbacks.go:51.42,52.36 1 1
github.com/Nakedjustice/remnaWake/internal/payments/callbacks.go:53.10,54.15 1 0
github.com/Nakedjustice/remnaWake/internal/payments/callbacks.go:58.77,60.16 2 1
github.com/Nakedjustice/remnaWake/internal/payments/callbacks.go:60.16,63.3 2 0
github.com/Nakedjustice/remnaWake/internal/payments/callbacks.go:66.2,69.36 4 1
github.com/Nakedjustice/remnaWake/internal/payments/callbacks.go:69.36,71.3 1 1
github.com/Nakedjustice/remnaWake/internal/payments/callbacks.go:73.2,74.16 2 1
github.com/Nakedjustice/remnaWake/internal/payments/callbacks.go:74.16,78.3 3 0
github.com/Nakedjustice/remnaWake/internal/payments/callbacks.go:80.2,80.23 1 1
github.com/Nakedjustice/remnaWake/internal/payments/callbacks.go:80.23,84.3 2 1
github.com/Nakedjustice/remnaWake/internal/payments/callbacks.go:87.2,87.23 1 1
github.com/Nakedjustice/remnaWake/internal/payments/callbacks.go:87.23,89.3 1 1
github.com/Nakedjustice/remnaWake/internal/payments/callbacks.go:90.2,91.13 2 1
github.com/Nakedjustice/remnaWake/internal/payments/callbacks.go:94.78,96.21 2 1
github.com/Nakedjustice/remnaWake/internal/payments/callbacks.go:96.21,99.3 2 0
github.com/Nakedjustice/remnaWake/internal/payments/callbacks.go:100.2,102.32 3 1
github.com/Nakedjustice/remnaWake/internal/payments/callbacks.go:102.32,105.3 2 0
github.com/Nakedjustice/remnaWake/internal/payments/callbacks.go:107.2,108.16 2 1
github.com/Nakedjustice/remnaWake/internal/payments/callbacks.go:108.16,112.3 3 0
github.com/Nakedjustice/remnaWake/internal/payments/callbacks.go:113.2,113.19 1 1
github.com/Nakedjustice/remnaWake/internal/payments/callbacks.go:113.19,116.3 2 0
github.com/Nakedjustice/remnaWake/internal/payments/callbacks.go:118.2,119.13 2 1
github.com/Nakedjustice/remnaWake/internal/payments/callbacks.go:122.78,124.16 2 1
github.com/Nakedjustice/remnaWake/internal/payments/callbacks.go:124.16,127.3 2 0
github.com/Nakedjustice/remnaWake/internal/payments/callbacks.go:128.2,128.23 1 1
github.com/Nakedjustice/remnaWake/internal/payments/callbacks.go:128.23,130.3 1 1
github.com/Nakedjustice/remnaWake/internal/payments/callbacks.go:131.2,132.13 2 1
github.com/Nakedjustice/remnaWake/internal/payments/callbacks.go:137.118,139.16 2 1
github.com/Nakedjustice/remnaWake/internal/payments/callbacks.go:139.16,143.3 3 0
github.com/Nakedjustice/remnaWake/internal/payments/callbacks.go:144.2,144.14 1 1
github.com/Nakedjustice/remnaWake/internal/payments/callbacks.go:144.14,147.3 2 0
github.com/Nakedjustice/remnaWake/internal/payments/callbacks.go:149.2,154.16 2 1
github.com/Nakedjustice/remnaWake/internal/payments/callbacks.go:154.16,158.3 3 0
github.com/Nakedjustice/remnaWake/internal/payments/callbacks.go:161.2,161.23 1 1
github.com/Nakedjustice/remnaWake/internal/payments/callbacks.go:161.23,163.3 1 1
github.com/Nakedjustice/remnaWake/internal/payments/callbacks.go:164.2,173.78 4 1
github.com/Nakedjustice/remnaWake/internal/payments/callbacks.go:173.78,175.3 1 0
github.com/Nakedjustice/remnaWake/internal/payments/callbacks.go:178.81,179.47 1 1
github.com/Nakedjustice/remnaWake/internal/payments/callbacks.go:179.47,183.3 3 1
github.com/Nakedjustice/remnaWake/internal/payments/callbacks.go:185.2,186.16 2 1
github.com/Nakedjustice/remnaWake/internal/payments/callbacks.go:186.16,189.3 2 0
github.com/Nakedjustice/remnaWake/internal/payments/callbacks.go:191.2,192.16 2 1
github.com/Nakedjustice/remnaWake/internal/payments/callbacks.go:192.16,196.3 3 0
github.com/Nakedjustice/remnaWake/internal/payments/callbacks.go:197.2,197.16 1 1
github.com/Nakedjustice/remnaWake/internal/payments/callbacks.go:197.16,200.3 2 0
github.com/Nakedjustice/remnaWake/internal/payments/callbacks.go:201.2,201.31 1 1
github.com/Nakedjustice/remnaWake/internal/payments/callbacks.go:201.31,204.3 2 1
github.com/Nakedjustice/remnaWake/internal/payments/callbacks.go:206.2,207.38 2 1
github.com/Nakedjustice/remnaWake/internal/payments/callbacks.go:207.38,209.3 1 1
github.com/Nakedjustice/remnaWake/internal/payments/callbacks.go:210.2,212.14 2 1
github.com/Nakedjustice/remnaWake/internal/payments/callbacks.go:212.14,217.3 4 0
github.com/Nakedjustice/remnaWake/internal/payments/callbacks.go:219.2,219.88 1 1
github.com/Nakedjustice/remnaWake/internal/payments/callbacks.go:219.88,223.3 3 0
github.com/Nakedjustice/remnaWake/internal/payments/callbacks.go:225.2,225.78 1 1
github.com/Nakedjustice/remnaWake/internal/payments/callbacks.go:225.78,227.3 1 0
github.com/Nakedjustice/remnaWake/internal/payments/callbacks.go:230.2,230.23 1 1
github.com/Nakedjustice/remnaWake/internal/payments/callbacks.go:230.23,232.3 1 1
github.com/Nakedjustice/remnaWake/internal/payments/callbacks.go:233.2,236.13 3 1
github.com/Nakedjustice/remnaWake/internal/payments/callbacks.go:239.97,241.28 2 1
github.com/Nakedjustice/remnaWake/internal/payments/callbacks.go:241.28,246.3 1 1
github.com/Nakedjustice/remnaWake/internal/payments/callbacks.go:247.2,250.55 2 1
github.com/Nakedjustice/remnaWake/internal/payments/callbacks.go:253.83,254.47 1 1
github.com/Nakedjustice/remnaWake/internal/payments/callbacks.go:254.47,257.3 2 1
github.com/Nakedjustice/remnaWake/internal/payments/callbacks.go:258.2,259.9 2 1
github.com/Nakedjustice/remnaWake/internal/payments/callbacks.go:260.29,261.23 1 1
github.com/Nakedjustice/remnaWake/internal/payments/callbacks.go:262.32,263.26 1 1
github.com/Nakedjustice/remnaWake/internal/payments/callbacks.go:264.33,265.26 1 1
github.com/Nakedjustice/remnaWake/internal/payments/callbacks.go:266.28,267.29 1 1
github.com/Nakedjustice/remnaWake/internal/payments/callbacks.go:268.46,269.39 1 1
github.com/Nakedjustice/remnaWake/internal/payments/callbacks.go:270.31,271.32 1 1
github.com/Nakedjustice/remnaWake/internal/payments/callbacks.go:272.34,273.28 1 1
github.com/Nakedjustice/remnaWake/internal/payments/callbacks.go:275.2,275.13 1 1
github.com/Nakedjustice/remnaWake/internal/payments/callbacks.go:278.57,280.16 2 1
github.com/Nakedjustice/remnaWake/internal/payments/callbacks.go:280.16,284.3 3 0
github.com/Nakedjustice/remnaWake/internal/payments/callbacks.go:285.2,290.23 2 1
github.com/Nakedjustice/remnaWake/internal/payments/callbacks.go:290.23,293.3 2 1
github.com/Nakedjustice/remnaWake/internal/payments/callbacks.go:294.2,296.28 3 1
github.com/Nakedjustice/remnaWake/internal/payments/callbacks.go:296.28,298.3 1 1
github.com/Nakedjustice/remnaWake/internal/payments/callbacks.go:299.2,299.90 1 1
github.com/Nakedjustice/remnaWake/internal/payments/callbacks.go:302.57,304.16 2 1
github.com/Nakedjustice/remnaWake/internal/payments/callbacks.go:304.16,308.3 3 0
github.com/Nakedjustice/remnaWake/internal/payments/callbacks.go:309.2,310.28 2 1
github.com/Nakedjustice/remnaWake/internal/payments/callbacks.go:310.28,315.3 1 1
github.com/Nakedjustice/remnaWake/internal/payments/callbacks.go:316.2,318.23 3 1
github.com/Nakedjustice/remnaWake/internal/payments/callbacks.go:318.23,320.3 1 1
github.com/Nakedjustice/remnaWake/internal/payments/callbacks.go:321.2,321.103 1 1
github.com/Nakedjustice/remnaWake/internal/payments/callbacks.go:324.60,334.15 6 1
github.com/Nakedjustice/remnaWake/internal/payments/callbacks.go:334.15,336.3 1 1
github.com/Nakedjustice/remnaWake/internal/payments/callbacks.go:337.2,337.59 1 1
github.com/Nakedjustice/remnaWake/internal/payments/callbacks.go:340.74,343.30 3 1
github.com/Nakedjustice/remnaWake/internal/payments/callbacks.go:343.30,346.3 2 0
github.com/Nakedjustice/remnaWake/internal/payments/callbacks.go:347.2,348.16 2 1
github.com/Nakedjustice/remnaWake/internal/payments/callbacks.go:348.16,352.3 3 0
github.com/Nakedjustice/remnaWake/internal/payments/callbacks.go:353.2,353.14 1 1
github.com/Nakedjustice/remnaWake/internal/payments/callbacks.go:353.14,355.3 1 0
github.com/Nakedjustice/remnaWake/internal/payments/callbacks.go:355.8,357.3 1 1
github.com/Nakedjustice/remnaWake/internal/payments/callbacks.go:358.2,358.25 1 1
github.com/Nakedjustice/remnaWake/internal/payments/callbacks.go:361.63,366.2 4 1
github.com/Nakedjustice/remnaWake/internal/payments/callbacks.go:368.59,373.2 4 1
github.com/Nakedjustice/remnaWake/internal/payments/callbacks.go:375.87,383.15 8 1
github.com/Nakedjustice/remnaWake/internal/payments/callbacks.go:383.15,385.3 1 1
github.com/Nakedjustice/remnaWake/internal/payments/callbacks.go:385.8,387.3 1 1
github.com/Nakedjustice/remnaWake/internal/payments/callbacks.go:388.2,388.19 1 1
github.com/Nakedjustice/remnaWake/internal/payments/commands.go:14.79,15.58 1 1
github.com/Nakedjustice/remnaWake/internal/payments/commands.go:15.58,17.3 1 1
github.com/Nakedjustice/remnaWake/internal/payments/commands.go:19.2,19.33 1 1
github.com/Nakedjustice/remnaWake/internal/payments/commands.go:19.33,21.3 1 1
github.com/Nakedjustice/remnaWake/internal/payments/commands.go:22.2,23.22 2 1
github.com/Nakedjustice/remnaWake/internal/payments/commands.go:23.22,25.3 1 0
github.com/Nakedjustice/remnaWake/internal/payments/commands.go:26.2,26.19 1 1
github.com/Nakedjustice/remnaWake/internal/payments/commands.go:27.16,29.14 2 1
github.com/Nakedjustice/remnaWake/internal/payments/commands.go:30.18,32.14 2 1
github.com/Nakedjustice/remnaWake/internal/payments/commands.go:33.20,35.14 2 1
github.com/Nakedjustice/remnaWake/internal/payments/commands.go:36.20,38.14 2 1
github.com/Nakedjustice/remnaWake/internal/payments/commands.go:39.24,41.14 2 1
github.com/Nakedjustice/remnaWake/internal/payments/commands.go:42.21,44.14 2 1
github.com/Nakedjustice/remnaWake/internal/payments/commands.go:45.10,46.15 1 1
github.com/Nakedjustice/remnaWake/internal/payments/commands.go:52.57,57.2 4 1
github.com/Nakedjustice/remnaWake/internal/payments/commands.go:61.58,65.15 4 1
github.com/Nakedjustice/remnaWake/internal/payments/commands.go:65.15,68.3 2 1
github.com/Nakedjustice/remnaWake/internal/payments/commands.go:69.2,69.88 1 1
github.com/Nakedjustice/remnaWake/internal/payments/commands.go:72.78,76.28 4 1
github.com/Nakedjustice/remnaWake/internal/payments/commands.go:76.28,78.3 1 1
github.com/Nakedjustice/remnaWake/internal/payments/commands.go:79.2,80.48 2 1
github.com/Nakedjustice/remnaWake/internal/payments/commands.go:80.48,82.3 1 1
github.com/Nakedjustice/remnaWake/internal/payments/commands.go:83.2,83.14 1 1
github.com/Nakedjustice/remnaWake/internal/payments/commands.go:84.28,85.44 1 1
github.com/Nakedjustice/remnaWake/internal/payments/commands.go:86.30,87.42 1 1
github.com/Nakedjustice/remnaWake/internal/payments/commands.go:88.29,89.41 1 1
github.com/Nakedjustice/remnaWake/internal/payments/commands.go:91.2,91.14 1 0
github.com/Nakedjustice/remnaWake/internal/payments/commands.go:94.80,95.72 1 1
github.com/Nakedjustice/remnaWake/internal/payments/commands.go:95.72,102.3 6 0
github.com/Nakedjustice/remnaWake/internal/payments/commands.go:103.2,108.13 6 1
github.com/Nakedjustice/remnaWake/internal/payments/commands.go:111.78,113.30 2 1
github.com/Nakedjustice/remnaWake/internal/payments/commands.go:113.30,116.3 2 1
github.com/Nakedjustice/remnaWake/internal/payments/commands.go:117.2,122.13 6 1
github.com/Nakedjustice/remnaWake/internal/payments/commands.go:125.77,127.29 2 1
github.com/Nakedjustice/remnaWake/internal/payments/commands.go:127.29,130.3 2 0
github.com/Nakedjustice/remnaWake/internal/payments/commands.go:131.2,135.65 5 1
github.com/Nakedjustice/remnaWake/internal/payments/commands.go:135.65,139.3 3 0
github.com/Nakedjustice/remnaWake/internal/payments/commands.go:140.2,141.13 2 1
github.com/Nakedjustice/remnaWake/internal/payments/commands.go:144.55,146.16 2 1
github.com/Nakedjustice/remnaWake/internal/payments/commands.go:146.16,150.3 3 0
github.com/Nakedjustice/remnaWake/internal/payments/commands.go:151.2,151.23 1 1
github.com/Nakedjustice/remnaWake/internal/payments/commands.go:151.23,154.3 2 1
github.com/Nakedjustice/remnaWake/internal/payments/commands.go:155.2,157.28 3 1
github.com/Nakedjustice/remnaWake/internal/payments/commands.go:157.28,159.3 1 1
github.com/Nakedjustice/remnaWake/internal/payments/commands.go:160.2,160.74 1 1
github.com/Nakedjustice/remnaWake/internal/payments/commands.go:163.70,164.22 1 1
github.com/Nakedjustice/remnaWake/internal/payments/commands.go:164.22,167.3 2 0
github.com/Nakedjustice/remnaWake/internal/payments/commands.go:168.2,170.59 3 1
github.com/Nakedjustice/remnaWake/internal/payments/commands.go:170.59,173.3 2 1
github.com/Nakedjustice/remnaWake/internal/payments/commands.go:174.2,174.65 1 1
github.com/Nakedjustice/remnaWake/internal/payments/commands.go:174.65,178.3 3 0
github.com/Nakedjustice/remnaWake/internal/payments/commands.go:179.2,179.129 1 1
github.com/Nakedjustice/remnaWake/internal/payments/commands.go:182.54,193.2 2 1
github.com/Nakedjustice/remnaWake/internal/payments/commands.go:195.70,196.22 1 1
github.com/Nakedjustice/remnaWake/internal/payments/commands.go:196.22,199.3 2 0
github.com/Nakedjustice/remnaWake/internal/payments/commands.go:200.2,201.30 2 1
github.com/Nakedjustice/remnaWake/internal/payments/commands.go:201.30,204.3 2 0
github.com/Nakedjustice/remnaWake/internal/payments/commands.go:205.2,206.16 2 1
github.com/Nakedjustice/remnaWake/internal/payments/commands.go:206.16,210.3 3 0
github.com/Nakedjustice/remnaWake/internal/payments/commands.go:211.2,211.14 1 1
github.com/Nakedjustice/remnaWake/internal/payments/commands.go:211.14,214.3 2 0
github.com/Nakedjustice/remnaWake/internal/payments/commands.go:215.2,215.102 1 1
github.com/Nakedjustice/remnaWake/internal/payments/gift.go:13.33,14.13 1 1
github.com/Nakedjustice/remnaWake/internal/payments/gift.go:14.13,16.3 1 1
github.com/Nakedjustice/remnaWake/internal/payments/gift.go:17.2,17.22 1 1
github.com/Nakedjustice/remnaWake/internal/payments/gift.go:17.22,18.25 1 1
github.com/Nakedjustice/remnaWake/internal/payments/gift.go:18.25,20.4 1 1
github.com/Nakedjustice/remnaWake/internal/payments/gift.go:22.2,22.13 1 1
github.com/Nakedjustice/remnaWake/internal/payments/gift.go:27.52,31.14 4 1
github.com/Nakedjustice/remnaWake/internal/payments/gift.go:31.14,33.3 1 1
github.com/Nakedjustice/remnaWake/internal/payments/gift.go:34.2,34.40 1 1
github.com/Nakedjustice/remnaWake/internal/payments/gift.go:34.40,37.3 2 1
github.com/Nakedjustice/remnaWake/internal/payments/gift.go:38.2,38.10 1 1
github.com/Nakedjustice/remnaWake/internal/payments/gift.go:41.55,45.2 3 1
github.com/Nakedjustice/remnaWake/internal/payments/gift.go:47.43,51.2 3 1
github.com/Nakedjustice/remnaWake/internal/payments/gift.go:54.74,55.32 1 1
github.com/Nakedjustice/remnaWake/internal/payments/gift.go:55.32,57.3 1 0
github.com/Nakedjustice/remnaWake/internal/payments/gift.go:58.2,59.13 2 1
github.com/Nakedjustice/remnaWake/internal/payments/gift.go:66.68,68.16 2 1
github.com/Nakedjustice/remnaWake/internal/payments/gift.go:68.16,72.3 3 0
github.com/Nakedjustice/remnaWake/internal/payments/gift.go:73.2,73.20 1 1
github.com/Nakedjustice/remnaWake/internal/payments/gift.go:73.20,76.3 2 1
github.com/Nakedjustice/remnaWake/internal/payments/gift.go:78.2,85.140 2 1
github.com/Nakedjustice/remnaWake/internal/payments/gift.go:91.68,98.20 2 1
github.com/Nakedjustice/remnaWake/internal/payments/gift.go:98.20,101.3 2 0
github.com/Nakedjustice/remnaWake/internal/payments/gift.go:102.2,111.13 3 1
github.com/Nakedjustice/remnaWake/internal/payments/gift.go:115.71,117.16 2 1
github.com/Nakedjustice/remnaWake/internal/payments/gift.go:117.16,121.3 3 0
github.com/Nakedjustice/remnaWake/internal/payments/gift.go:122.2,122.23 1 1
github.com/Nakedjustice/remnaWake/internal/payments/gift.go:122.23,125.3 2 1
github.com/Nakedjustice/remnaWake/internal/payments/gift.go:126.2,128.28 3 1
github.com/Nakedjustice/remnaWake/internal/payments/gift.go:128.28,130.3 1 1
github.com/Nakedjustice/remnaWake/internal/payments/gift.go:131.2,132.13 2 1
github.com/Nakedjustice/remnaWake/internal/payments/gift.go:136.83,138.23 2 1
github.com/Nakedjustice/remnaWake/internal/payments/gift.go:138.23,140.3 1 1
github.com/Nakedjustice/remnaWake/internal/payments/gift.go:141.2,141.13 1 1
github.com/Nakedjustice/remnaWake/internal/payments/gift.go:145.85,147.23 2 1
github.com/Nakedjustice/remnaWake/internal/payments/gift.go:147.23,149.3 1 1
github.com/Nakedjustice/remnaWake/internal/payments/gift.go:150.2,150.13 1 1
github.com/Nakedjustice/remnaWake/internal/payments/gift.go:155.71,156.14 1 1
github.com/Nakedjustice/remnaWake/internal/payments/gift.go:156.14,158.3 1 0
github.com/Nakedjustice/remnaWake/internal/payments/gift.go:159.2,162.23 3 1
github.com/Nakedjustice/remnaWake/internal/payments/gift.go:162.23,166.45 4 1
github.com/Nakedjustice/remnaWake/internal/payments/gift.go:166.45,168.4 1 1
github.com/Nakedjustice/remnaWake/internal/payments/gift.go:169.3,173.14 5 1
github.com/Nakedjustice/remnaWake/internal/payments/gift.go:176.2,177.50 2 1
github.com/Nakedjustice/remnaWake/internal/payments/gift.go:177.50,178.42 1 1
github.com/Nakedjustice/remnaWake/internal/payments/gift.go:178.42,180.4 1 0
github.com/Nakedjustice/remnaWake/internal/payments/gift.go:181.3,181.47 1 1
github.com/Nakedjustice/remnaWake/internal/payments/gift.go:184.2,184.34 1 1
github.com/Nakedjustice/remnaWake/internal/payments/gift.go:184.34,188.3 2 0
github.com/Nakedjustice/remnaWake/internal/payments/gift.go:189.2,189.34 1 1
github.com/Nakedjustice/remnaWake/internal/payments/gift.go:189.34,193.3 2 0
github.com/Nakedjustice/remnaWake/internal/payments/gift.go:195.2,196.16 2 1
github.com/Nakedjustice/remnaWake/internal/payments/gift.go:196.16,200.3 3 0
github.com/Nakedjustice/remnaWake/internal/payments/gift.go:201.2,201.11 1 1
github.com/Nakedjustice/remnaWake/internal/payments/gift.go:201.11,205.3 2 1
github.com/Nakedjustice/remnaWake/internal/payments/gift.go:206.2,206.19 1 1
github.com/Nakedjustice/remnaWake/internal/payments/gift.go:206.19,209.3 2 1
github.com/Nakedjustice/remnaWake/internal/payments/gift.go:211.2,216.16 5 1
github.com/Nakedjustice/remnaWake/internal/payments/gift.go:216.16,220.3 3 0
github.com/Nakedjustice/remnaWake/internal/payments/gift.go:221.2,223.23 2 1
github.com/Nakedjustice/remnaWake/internal/payments/gift.go:223.23,225.3 1 0
github.com/Nakedjustice/remnaWake/internal/payments/gift.go:226.2,227.13 2 1
github.com/Nakedjustice/remnaWake/internal/payments/gift.go:230.117,231.29 1 1
github.com/Nakedjustice/remnaWake/internal/payments/gift.go:231.29,233.18 2 1
github.com/Nakedjustice/remnaWake/internal/payments/gift.go:233.18,235.4 1 0
github.com/Nakedjustice/remnaWake/internal/payments/gift.go:236.3,237.18 2 1
github.com/Nakedjustice/remnaWake/internal/payments/gift.go:237.18,239.4 1 0
github.com/Nakedjustice/remnaWake/internal/payments/gift.go:240.3,240.20 1 1
github.com/Nakedjustice/remnaWake/internal/payments/gift.go:241.10,242.26 1 0
github.com/Nakedjustice/remnaWake/internal/payments/gift.go:243.10,245.25 2 1
github.com/Nakedjustice/remnaWake/internal/payments/gift.go:246.11,247.25 1 1
github.com/Nakedjustice/remnaWake/internal/payments/gift.go:250.2,251.17 2 1
github.com/Nakedjustice/remnaWake/internal/payments/gift.go:251.17,253.3 1 0
github.com/Nakedjustice/remnaWake/internal/payments/gift.go:254.2,254.16 1 1
github.com/Nakedjustice/remnaWake/internal/payments/gift.go:254.16,256.3 1 1
github.com/Nakedjustice/remnaWake/internal/payments/gift.go:257.2,257.24 1 1
github.com/Nakedjustice/remnaWake/internal/payments/gift.go:260.87,262.28 2 1
github.com/Nakedjustice/remnaWake/internal/payments/gift.go:262.28,264.18 2 1
github.com/Nakedjustice/remnaWake/internal/payments/gift.go:264.18,266.4 1 1
github.com/Nakedjustice/remnaWake/internal/payments/gift.go:267.3,270.6 1 1
github.com/Nakedjustice/remnaWake/internal/payments/gift.go:272.2,275.55 2 1
github.com/Nakedjustice/remnaWake/internal/payments/gift.go:278.82,279.23 1 1
github.com/Nakedjustice/remnaWake/internal/payments/gift.go:279.23,282.3 2 0
github.com/Nakedjustice/remnaWake/internal/payments/gift.go:283.2,285.65 3 1
github.com/Nakedjustice/remnaWake/internal/payments/gift.go:285.65,288.3 2 0
github.com/Nakedjustice/remnaWake/internal/payments/gift.go:290.2,291.30 2 1
github.com/Nakedjustice/remnaWake/internal/payments/gift.go:291.30,294.3 2 0
github.com/Nakedjustice/remnaWake/internal/payments/gift.go:296.2,298.16 3 1
github.com/Nakedjustice/remnaWake/internal/payments/gift.go:298.16,302.3 3 0
github.com/Nakedjustice/remnaWake/internal/payments/gift.go:303.2,303.19 1 1
github.com/Nakedjustice/remnaWake/internal/payments/gift.go:303.19,305.3 1 1
github.com/Nakedjustice/remnaWake/internal/payments/gift.go:305.8,308.18 2 0
github.com/Nakedjustice/remnaWake/internal/payments/gift.go:308.18,312.4 3 0
github.com/Nakedjustice/remnaWake/internal/payments/gift.go:313.3,313.19 1 0
github.com/Nakedjustice/remnaWake/internal/payments/gift.go:313.19,316.4 2 0
github.com/Nakedjustice/remnaWake/internal/payments/gift.go:319.2,331.16 2 1
github.com/Nakedjustice/remnaWake/internal/payments/gift.go:331.16,335.3 3 0
github.com/Nakedjustice/remnaWake/internal/payments/gift.go:337.2,347.78 6 1
github.com/Nakedjustice/remnaWake/internal/payments/gift.go:347.78,349.3 1 0
github.com/Nakedjustice/remnaWake/internal/payments/gift.go:350.2,350.13 1 1
github.com/Nakedjustice/remnaWake/internal/payments/gift.go:353.84,354.23 1 1
github.com/Nakedjustice/remnaWake/internal/payments/gift.go:354.23,357.3 2 1
github.com/Nakedjustice/remnaWake/internal/payments/gift.go:358.2,359.13 2 1
github.com/Nakedjustice/remnaWake/internal/payments/gift.go:362.77,369.30 7 1
github.com/Nakedjustice/remnaWake/internal/payments/gift.go:369.30,371.3 1 1
github.com/Nakedjustice/remnaWake/internal/payments/gift.go:372.2,373.15 2 1
github.com/Nakedjustice/remnaWake/internal/payments/gift.go:373.15,375.3 1 1
github.com/Nakedjustice/remnaWake/internal/payments/gift.go:375.8,377.3 1 0
github.com/Nakedjustice/remnaWake/internal/payments/gift.go:378.2,378.19 1 1
github.com/Nakedjustice/remnaWake/internal/payments/invite.go:25.56,29.16 4 1
github.com/Nakedjustice/remnaWake/internal/payments/invite.go:29.16,31.3 1 1
github.com/Nakedjustice/remnaWake/internal/payments/invite.go:32.2,32.44 1 0
github.com/Nakedjustice/remnaWake/internal/payments/invite.go:32.44,35.3 2 0
github.com/Nakedjustice/remnaWake/internal/payments/invite.go:36.2,36.12 1 0
github.com/Nakedjustice/remnaWake/internal/payments/invite.go:39.61,43.2 3 0
github.com/Nakedjustice/remnaWake/internal/payments/invite.go:45.45,49.2 3 1
github.com/Nakedjustice/remnaWake/internal/payments/invite.go:52.76,53.52 1 0
github.com/Nakedjustice/remnaWake/internal/payments/invite.go:53.52,55.3 1 0
github.com/Nakedjustice/remnaWake/internal/payments/invite.go:56.2,57.13 2 0
github.com/Nakedjustice/remnaWake/internal/payments/invite.go:60.70,62.16 2 0
github.com/Nakedjustice/remnaWake/internal/payments/invite.go:62.16,66.3 3 0
github.com/Nakedjustice/remnaWake/internal/payments/invite.go:67.2,67.20 1 0
github.com/Nakedjustice/remnaWake/internal/payments/invite.go:67.20,70.3 2 0
github.com/Nakedjustice/remnaWake/internal/payments/invite.go:72.2,78.135 2 0
github.com/Nakedjustice/remnaWake/internal/payments/invite.go:82.84,84.23 2 0
github.com/Nakedjustice/remnaWake/internal/payments/invite.go:84.23,86.3 1 0
github.com/Nakedjustice/remnaWake/internal/payments/invite.go:87.2,87.13 1 0
github.com/Nakedjustice/remnaWake/internal/payments/invite.go:92.86,95.16 3 1
github.com/Nakedjustice/remnaWake/internal/payments/invite.go:95.16,97.3 1 1
github.com/Nakedjustice/remnaWake/internal/payments/invite.go:99.2,102.27 2 0
github.com/Nakedjustice/remnaWake/internal/payments/invite.go:102.27,105.3 2 0
github.com/Nakedjustice/remnaWake/internal/payments/invite.go:107.2,107.34 1 0
github.com/Nakedjustice/remnaWake/internal/payments/invite.go:107.34,111.3 2 0
github.com/Nakedjustice/remnaWake/internal/payments/invite.go:113.2,113.28 1 0
github.com/Nakedjustice/remnaWake/internal/payments/invite.go:113.28,117.3 2 0
github.com/Nakedjustice/remnaWake/internal/payments/invite.go:119.2,120.16 2 0
github.com/Nakedjustice/remnaWake/internal/payments/invite.go:120.16,124.3 3 0
github.com/Nakedjustice/remnaWake/internal/payments/invite.go:125.2,125.19 1 0
github.com/Nakedjustice/remnaWake/internal/payments/invite.go:125.19,128.3 1 0
github.com/Nakedjustice/remnaWake/internal/payments/invite.go:130.2,134.13 5 0
github.com/Nakedjustice/remnaWake/internal/payments/invite.go:137.90,139.19 2 0
github.com/Nakedjustice/remnaWake/internal/payments/invite.go:139.19,141.3 1 0
github.com/Nakedjustice/remnaWake/internal/payments/invite.go:142.2,152.56 3 0
github.com/Nakedjustice/remnaWake/internal/payments/invite.go:156.86,157.23 1 0
github.com/Nakedjustice/remnaWake/internal/payments/invite.go:157.23,160.3 2 0
github.com/Nakedjustice/remnaWake/internal/payments/invite.go:161.2,163.41 3 0
github.com/Nakedjustice/remnaWake/internal/payments/invite.go:163.41,166.3 2 0
github.com/Nakedjustice/remnaWake/internal/payments/invite.go:168.2,176.16 2 0
github.com/Nakedjustice/remnaWake/internal/payments/invite.go:176.16,180.3 3 0
github.com/Nakedjustice/remnaWake/internal/payments/invite.go:182.2,192.15 9 0
github.com/Nakedjustice/remnaWake/internal/payments/invite.go:192.15,194.3 1 0
github.com/Nakedjustice/remnaWake/internal/payments/invite.go:195.2,205.78 3 0
github.com/Nakedjustice/remnaWake/internal/payments/invite.go:205.78,207.3 1 0
github.com/Nakedjustice/remnaWake/internal/payments/invite.go:208.2,208.13 1 0
github.com/Nakedjustice/remnaWake/internal/payments/invite.go:212.87,213.47 1 0
github.com/Nakedjustice/remnaWake/internal/payments/invite.go:213.47,217.3 3 0
github.com/Nakedjustice/remnaWake/internal/payments/invite.go:219.2,220.16 2 0
github.com/Nakedjustice/remnaWake/internal/payments/invite.go:220.16,223.3 2 0
github.com/Nakedjustice/remnaWake/internal/payments/invite.go:225.2,226.16 2 0
github.com/Nakedjustice/remnaWake/internal/payments/invite.go:226.16,230.3 3 0
github.com/Nakedjustice/remnaWake/internal/payments/invite.go:231.2,231.16 1 0
github.com/Nakedjustice/remnaWake/internal/payments/invite.go:231.16,234.3 2 0
github.com/Nakedjustice/remnaWake/internal/payments/invite.go:235.2,235.29 1 0
github.com/Nakedjustice/remnaWake/internal/payments/invite.go:235.29,238.3 2 0
github.com/Nakedjustice/remnaWake/internal/payments/invite.go:240.2,242.14 2 0
github.com/Nakedjustice/remnaWake/internal/payments/invite.go:242.14,245.24 3 0
github.com/Nakedjustice/remnaWake/internal/payments/invite.go:245.24,247.4 1 0
github.com/Nakedjustice/remnaWake/internal/payments/invite.go:248.3,252.33 3 0
github.com/Nakedjustice/remnaWake/internal/payments/invite.go:252.33,255.4 1 0
github.com/Nakedjustice/remnaWake/internal/payments/invite.go:256.3,256.14 1 0
github.com/Nakedjustice/remnaWake/internal/payments/invite.go:259.2,260.16 2 0
github.com/Nakedjustice/remnaWake/internal/payments/invite.go:260.16,264.3 3 0
github.com/Nakedjustice/remnaWake/internal/payments/invite.go:266.2,266.89 1 0
github.com/Nakedjustice/remnaWake/internal/payments/invite.go:266.89,268.3 1 0
github.com/Nakedjustice/remnaWake/internal/payments/invite.go:270.2,270.23 1 0
github.com/Nakedjustice/remnaWake/internal/payments/invite.go:270.23,272.3 1 0
github.com/Nakedjustice/remnaWake/internal/payments/invite.go:273.2,278.32 3 0
github.com/Nakedjustice/remnaWake/internal/payments/invite.go:278.32,281.36 2 0
github.com/Nakedjustice/remnaWake/internal/payments/invite.go:281.36,283.4 1 0
github.com/Nakedjustice/remnaWake/internal/payments/invite.go:284.3,284.55 1 0
github.com/Nakedjustice/remnaWake/internal/payments/invite.go:286.2,286.13 1 0
github.com/Nakedjustice/remnaWake/internal/payments/invite.go:290.86,291.47 1 0
github.com/Nakedjustice/remnaWake/internal/payments/invite.go:291.47,295.3 3 0
github.com/Nakedjustice/remnaWake/internal/payments/invite.go:297.2,298.16 2 0
github.com/Nakedjustice/remnaWake/internal/payments/invite.go:298.16,301.3 2 0
github.com/Nakedjustice/remnaWake/internal/payments/invite.go:303.2,304.16 2 0
github.com/Nakedjustice/remnaWake/internal/payments/invite.go:304.16,308.3 3 0
github.com/Nakedjustice/remnaWake/internal/payments/invite.go:309.2,309.16 1 0
github.com/Nakedjustice/remnaWake/internal/payments/invite.go:309.16,312.3 2 0
github.com/Nakedjustice/remnaWake/internal/payments/invite.go:313.2,313.29 1 0
github.com/Nakedjustice/remnaWake/internal/payments/invite.go:313.29,316.3 2 0
github.com/Nakedjustice/remnaWake/internal/payments/invite.go:318.2,318.89 1 0
github.com/Nakedjustice/remnaWake/internal/payments/invite.go:318.89,320.3 1 0
github.com/Nakedjustice/remnaWake/internal/payments/invite.go:322.2,322.23 1 0
github.com/Nakedjustice/remnaWake/internal/payments/invite.go:322.23,324.3 1 0
github.com/Nakedjustice/remnaWake/internal/payments/invite.go:325.2,329.32 3 0
github.com/Nakedjustice/remnaWake/internal/payments/invite.go:329.32,332.3 1 0
github.com/Nakedjustice/remnaWake/internal/payments/invite.go:333.2,333.13 1 0
github.com/Nakedjustice/remnaWake/internal/payments/invite.go:337.86,338.23 1 0
github.com/Nakedjustice/remnaWake/internal/payments/invite.go:338.23,341.3 2 0
github.com/Nakedjustice/remnaWake/internal/payments/invite.go:342.2,343.13 2 0
github.com/Nakedjustice/remnaWake/internal/payments/invite.go:347.37,348.31 1 1
github.com/Nakedjustice/remnaWake/internal/payments/invite.go:348.31,350.3 1 0
github.com/Nakedjustice/remnaWake/internal/payments/invite.go:351.2,351.22 1 1
github.com/Nakedjustice/remnaWake/internal/payments/invite.go:351.22,352.62 1 1
github.com/Nakedjustice/remnaWake/internal/payments/invite.go:352.62,354.4 1 0
github.com/Nakedjustice/remnaWake/internal/payments/invite.go:356.2,356.13 1 1
github.com/Nakedjustice/remnaWake/internal/payments/payments.go:118.184,137.89 2 1
github.com/Nakedjustice/remnaWake/internal/payments/payments.go:137.89,139.3 1 0
github.com/Nakedjustice/remnaWake/internal/payments/payments.go:139.8,139.18 1 1
github.com/Nakedjustice/remnaWake/internal/payments/payments.go:139.18,141.3 1 1
github.com/Nakedjustice/remnaWake/internal/payments/payments.go:142.2,142.10 1 1
github.com/Nakedjustice/remnaWake/internal/payments/payments.go:147.72,148.20 1 1
github.com/Nakedjustice/remnaWake/internal/payments/payments.go:148.20,150.3 1 1
github.com/Nakedjustice/remnaWake/internal/payments/payments.go:151.2,155.3 1 1
github.com/Nakedjustice/remnaWake/internal/payments/payments.go:159.81,161.2 1 0
github.com/Nakedjustice/remnaWake/internal/payments/payments.go:163.48,165.2 1 1
github.com/Nakedjustice/remnaWake/internal/payments/register.go:21.60,25.14 4 1
github.com/Nakedjustice/remnaWake/internal/payments/register.go:25.14,27.3 1 1
github.com/Nakedjustice/remnaWake/internal/payments/register.go:28.2,28.44 1 1
github.com/Nakedjustice/remnaWake/internal/payments/register.go:28.44,31.3 2 1
github.com/Nakedjustice/remnaWake/internal/payments/register.go:32.2,32.10 1 1
github.com/Nakedjustice/remnaWake/internal/payments/register.go:35.63,39.2 3 1
github.com/Nakedjustice/remnaWake/internal/payments/register.go:41.47,45.2 3 1
github.com/Nakedjustice/remnaWake/internal/payments/register.go:48.78,49.54 1 1
github.com/Nakedjustice/remnaWake/internal/payments/register.go:49.54,51.3 1 0
github.com/Nakedjustice/remnaWake/internal/payments/register.go:52.2,53.13 2 1
github.com/Nakedjustice/remnaWake/internal/payments/register.go:56.72,63.2 2 1
github.com/Nakedjustice/remnaWake/internal/payments/register.go:66.86,68.23 2 1
github.com/Nakedjustice/remnaWake/internal/payments/register.go:68.23,70.3 1 1
github.com/Nakedjustice/remnaWake/internal/payments/register.go:71.2,71.13 1 1
github.com/Nakedjustice/remnaWake/internal/payments/register.go:76.88,79.14 3 1
github.com/Nakedjustice/remnaWake/internal/payments/register.go:79.14,81.3 1 1
github.com/Nakedjustice/remnaWake/internal/payments/register.go:83.2,87.22 2 1
github.com/Nakedjustice/remnaWake/internal/payments/register.go:87.22,90.3 2 0
github.com/Nakedjustice/remnaWake/internal/payments/register.go:92.2,92.34 1 1
github.com/Nakedjustice/remnaWake/internal/payments/register.go:92.34,96.3 2 0
github.com/Nakedjustice/remnaWake/internal/payments/register.go:98.2,98.28 1 1
github.com/Nakedjustice/remnaWake/internal/payments/register.go:98.28,102.3 2 0
github.com/Nakedjustice/remnaWake/internal/payments/register.go:104.2,105.16 2 1
github.com/Nakedjustice/remnaWake/internal/payments/register.go:105.16,109.3 3 0
github.com/Nakedjustice/remnaWake/internal/payments/register.go:110.2,110.16 1 1
github.com/Nakedjustice/remnaWake/internal/payments/register.go:110.16,114.3 2 1
github.com/Nakedjustice/remnaWake/internal/payments/register.go:117.2,117.25 1 1
github.com/Nakedjustice/remnaWake/internal/payments/register.go:117.25,119.40 2 1
github.com/Nakedjustice/remnaWake/internal/payments/register.go:119.40,122.4 1 1
github.com/Nakedjustice/remnaWake/internal/payments/register.go:122.9,125.4 1 1
github.com/Nakedjustice/remnaWake/internal/payments/register.go:126.3,126.14 1 1
github.com/Nakedjustice/remnaWake/internal/payments/register.go:129.2,133.13 5 1
github.com/Nakedjustice/remnaWake/internal/payments/register.go:136.92,145.2 3 1
github.com/Nakedjustice/remnaWake/internal/payments/register.go:148.89,149.23 1 1
github.com/Nakedjustice/remnaWake/internal/payments/register.go:149.23,152.3 2 0
github.com/Nakedjustice/remnaWake/internal/payments/register.go:153.2,155.34 3 1
github.com/Nakedjustice/remnaWake/internal/payments/register.go:155.34,158.3 2 0
github.com/Nakedjustice/remnaWake/internal/payments/register.go:160.2,164.14 4 1
github.com/Nakedjustice/remnaWake/internal/payments/register.go:164.14,172.3 6 1
github.com/Nakedjustice/remnaWake/internal/payments/register.go:174.2,174.67 1 1
github.com/Nakedjustice/remnaWake/internal/payments/register.go:174.67,180.3 5 1
github.com/Nakedjustice/remnaWake/internal/payments/register.go:182.2,187.13 5 1
github.com/Nakedjustice/remnaWake/internal/payments/register.go:191.88,192.23 1 1
github.com/Nakedjustice/remnaWake/internal/payments/register.go:192.23,195.3 2 1
github.com/Nakedjustice/remnaWake/internal/payments/register.go:196.2,197.13 2 1
